C51 COMPILER V9.00   FINAL_EXAM                                                            09/10/2010 05:36:18 PAGE 1   


C51 COMPILER V9.00, COMPILATION OF MODULE FINAL_EXAM
OBJECT MODULE PLACED IN final exam.OBJ
COMPILER INVOKED BY: E:\Keli\C51\BIN\C51.EXE final exam.c BROWSE DEBUG OBJECTEXTEND

line level    source

   1          #include <at898252.h>
   2          #include <stdio.h>
   3          #include <absacc.h>
   4          #define uint unsigned int 
   5          #define uchar unsigned char
   6          
   7          sbit p11=P1^0;
   8          sbit p12=P1^1;
   9          sbit m1a=P1^2;
  10          sbit m1b=P1^3;
  11          sbit m2a=P1^4;
  12          sbit m2b=P2^4;
  13          sbit choice=P0^5;
  14          sbit visf=P2^5;
  15          sbit visr=P2^6;
  16          
  17          
  18          uint count0=0;
  19          uint count1=0;
  20          uint motor1, motor2,flag;
  21          
  22          uint sight(void);
  23          void delay901(void);
  24          void delay902(void);
  25          void delay903(void);
  26          void avoid(void);
  27          
  28          void main(void)
  29          {  
  30   1       TMOD=0x11;        //open time0 and time1
  31   1       TH0=0XEF;        //50ms per interruption
  32   1       TL0=0XF0;
  33   1       IE=0x8F;
  34   1       
  35   1      
  36   1       
  37   1       while(1)
  38   1      { 
  39   2       if(choice==0)
  40   2      {
  41   3       if(visf==0)
  42   3       {
  43   4        avoid();
  44   4       }
  45   3       else
  46   3       {
  47   4        TR0=1;
  48   4       //p11=1;
  49   4       //p12=1;
  50   4        m1a=0;
  51   4        m1b=1;
  52   4        m2a=0;
  53   4        m2b=1;
  54   4         switch(sight()) 
  55   4         {
C51 COMPILER V9.00   FINAL_EXAM                                                            09/10/2010 05:36:18 PAGE 2   

  56   5         case 4: count0=0; count1=0; flag=0;break;
  57   5         case 10: motor1=0; motor2=1; flag=1;break;
  58   5         case 8: count0=200; count1=0; flag=0;break;
  59   5         case 2: count0=0; count1=200;flag=0; break;
  60   5         case 1: motor1=1; motor2=0; flag=1;break;
  61   5         case 18: motor1=0; motor2=1;flag=1; break;
  62   5         case 3: motor1=1; motor2=0; flag=1;break;
  63   5         case 0: motor1=1; motor2=1; flag=2;break;
  64   5         case 13:count0=200; count1=0; flag=0;break;
  65   5         case 6: count0=0; count1=200; flag=0;break;
  66   5         default: count0=200; count1=200;flag=0; break;       //slow down
  67   5         }
  68   4        }
  69   3       }
  70   2      
  71   2      
  72   2        
  73   2        else
  74   2        {
  75   3        TR0=1;
  76   3        p11=1;
  77   3        p12=1;
  78   3        flag=3;
  79   3        }
  80   2        }
  81   1       }
  82           
  83          
  84          
  85          void time0(void) interrupt 1
  86          {
  87   1       uint i;
  88   1       TH0=0XFE; TL0=0XF0; 
  89   1       TR0=0;
  90   1       if(flag==1)
  91   1       {
  92   2        p11=motor1; 
  93   2        for(i=0;i<count0;i++)                   //the bigger count, the slower speed
  94   2        {} 
  95   2        p11=motor1;
  96   2        for(i=0;i<200-count0;i++)                       //the bigger count, the slower speed
  97   2        {} 
  98   2        p12=motor2;
  99   2        for(i=0;i<count1;i++)
 100   2        {}
 101   2        p12=motor2;
 102   2        for(i=0;i<200-count1;i++)
 103   2        {}
 104   2        TR0=1;
 105   2       }
 106   1       else
 107   1       if(flag==0)
 108   1       { 
 109   2        p11=0; 
 110   2        for(i=0;i<count0;i++)                   //the bigger count, the slower speed
 111   2        {} 
 112   2        p11=1;
 113   2        for(i=0;i<200-count0;i++)                       //the bigger count, the slower speed
 114   2        {} 
 115   2        p12=0;
 116   2        for(i=0;i<count1;i++)
 117   2        {}
C51 COMPILER V9.00   FINAL_EXAM                                                            09/10/2010 05:36:18 PAGE 3   

 118   2        p12=1;
 119   2        for(i=0;i<200-count1;i++)
 120   2        {}
 121   2        TR0=1;
 122   2       } 
 123   1       else
 124   1       if(flag==2)
 125   1       {
 126   2        p11=motor1; m1a=0;m1b=1; p12=motor2;m2a=1;m2b=0;
 127   2        for(i=0;i<400;i++)                      //the bigger count, the slower speed
 128   2        {} 
 129   2        TR0=1;
 130   2       }
 131   1       else
 132   1       {
 133   2         switch(P2&0X0F)
 134   2        {
 135   3        case 0x01: m1a=0;m1b=1;m2a=0;m2b=1; break;
 136   3        case 0x02: m1a=1;m1b=0;m2a=0;m2b=1; break;
 137   3        case 0x04: m1a=0;m1b=1;m2a=1;m2b=0; break;
 138   3        case 0x08: m1a=1;m1b=0;m2a=1;m2b=0; break;
 139   3        default:   m1a=0;m1b=0;m2a=0;m2b=0; break;
 140   3        }
 141   2        TR0=1;
 142   2       }
 143   1      }
 144          
 145          uint sight(void)
 146          {
 147   1       uint a;
 148   1       switch (P0&0x1F)
 149   1       { 
 150   2        case 0x04: a=4; break;
 151   2        case 0x10: a=10;break;
 152   2        case 0x08: a=8; break;
 153   2        case 0x02: a=2; break;
 154   2        case 0x01: a=1; break;
 155   2        case 0x18: a=18;break;
 156   2        case 0x03: a=3; break;
 157   2        case 0x00: a=0; break;
 158   2        case 0x0C: a=13;break;
 159   2        case 0x06: a=6; break;
 160   2        default:   a=99;break;
 161   2       }
 162   1       return(a);
 163   1      }
 164          
 165          void avoid(void)
 166          {
 167   1       TR0=0;
 168   1       p11=1;
 169   1       p12=1;
 170   1       m1a=0;m1b=0;m2a=0;m2b=0;       //stop
 171   1       delay901();
 172   1       m1a=1;m1b=0;m2a=0;m2b=1;               //left
 173   1       delay901();
 174   1       m1a=0;m1b=1;m2a=0;m2b=1;               //forward
 175   1       delay903();
 176   1       m1a=1;m1b=0;m2a=0;m2b=0;               //right(small)
 177   1       delay902();
 178   1       m1a=0;m1b=1;m2a=0;m2b=1;               //forward
 179   1       delay903();
C51 COMPILER V9.00   FINAL_EXAM                                                            09/10/2010 05:36:18 PAGE 4   

 180   1       m1a=1;m1b=0;m2a=0;m2b=0;               //right(small)
 181   1       delay902();
 182   1       m1a=0;m1b=1;m2a=0;m2b=1;               //forward
 183   1       delay903();
 184   1       m1a=1;m1b=0;m2a=0;m2b=1;               //left
 185   1       delay901();
 186   1       TR0=1;
 187   1      }
 188          
 189          
 190          void delay901()
 191          {
 192   1       uint k,l;
 193   1       for(k=0;k<500;k++)
 194   1       {
 195   2       for(l=0;l<150;l++)
 196   2       {}
 197   2       l=0;
 198   2       }
 199   1      }
 200          
 201          void delay902()
 202          {
 203   1       uint k,l;
 204   1       for(k=0;k<500;k++)
 205   1       {
 206   2       for(l=0;l<200;l++)
 207   2       {}
 208   2       l=0;
 209   2       }
 210   1      }
 211          
 212          void delay903()
 213          {
 214   1       uint k,l;
 215   1       for(k=0;k<500;k++)
 216   1       {
 217   2       for(l=0;l<200;l++)
 218   2       {}
 219   2       l=0;
 220   2       }
 221   1      }


MODULE INFORMATION:   STATIC OVERLAYABLE
   CODE SIZE        =    913    ----
   CONSTANT SIZE    =   ----    ----
   XDATA SIZE       =   ----    ----
   PDATA SIZE       =   ----    ----
   DATA SIZE        =     10       2
   IDATA SIZE       =   ----    ----
   BIT SIZE         =   ----    ----
END OF MODULE INFORMATION.


C51 COMPILATION COMPLETE.  0 WARNING(S),  0 ERROR(S)
